******************************************************************************
                  TI ARM Linker PC v20.2.1                     
******************************************************************************
>> Linked Fri Dec 11 01:19:52 2020

OUTPUT FILE NAME:   <lekan_monitoring_app.out>
ENTRY POINT SYMBOL: "_c_int00_noargs"  address: 000025f9


MEMORY CONFIGURATION

         name            origin    length      used     unused   attr    fill
----------------------  --------  ---------  --------  --------  ----  --------
  MAIN                  00000000   00040000  000027a4  0003d85c  R  X
  INFO                  00200000   00004000  00000000  00004000  R  X
  SRAM_CODE             01000000   00010000  00000325  0000fcdb  RW X
  SRAM_DATA             20000000   00010000  00000325  0000fcdb  RW  


SEGMENT ALLOCATION MAP

run origin  load origin   length   init length attrs members
----------  ----------- ---------- ----------- ----- -------
00000000    00000000    000027a8   000027a8    r-x
  00000000    00000000    000000e4   000000e4    r-- .intvecs
  000000e4    000000e4    00002588   00002588    r-x .text
  0000266c    0000266c    000000d0   000000d0    r-- .const
  00002740    00002740    00000068   00000068    r-- .cinit
20000000    20000000    00000125   00000000    rw-
  20000000    20000000    000000e4   00000000    rw- .vtable
  200000e4    200000e4    00000038   00000000    rw- .data
  2000011c    2000011c    00000009   00000000    rw- .bss
2000fe00    2000fe00    00000200   00000000    rw-
  2000fe00    2000fe00    00000200   00000000    rw- .stack


SECTION ALLOCATION MAP

 output                                  attributes/
section   page    origin      length       input sections
--------  ----  ----------  ----------   ----------------
.intvecs   0    00000000    000000e4     
                  00000000    000000e4     startup_msp432p401r_ccs.obj (.intvecs:retain)

.text      0    000000e4    00002588     
                  000000e4    00000d7c     cs.obj (.text)
                  00000e60    00000480     gpio.obj (.text)
                  000012e0    0000041c     uart.obj (.text)
                  000016fc    000003f0     interrupt.obj (.text)
                  00001aec    00000334     main.obj (.text)
                  00001e20    00000334     system_msp432p401r.obj (.text)
                  00002154    00000244     sysctl.obj (.text)
                  00002398    000000d8     wdt_a.obj (.text)
                  00002470    0000009c     rtsv7M4_T_le_v4SPD16_eabi.lib : memcpy_t2.asm.obj (.text)
                  0000250c    00000068                                   : copy_decompress_lzss.c.obj (.text:decompress:lzss:__TI_decompress_lzss)
                  00002574    00000044                                   : autoinit.c.obj (.text:__TI_auto_init_nobinit_nopinit:__TI_auto_init_nobinit_nopinit)
                  000025b8    0000003e     cpu.obj (.text)
                  000025f6    00000002     --HOLE-- [fill = 0]
                  000025f8    00000034     rtsv7M4_T_le_v4SPD16_eabi.lib : boot_cortex_m.c.obj (.text:_c_int00_noargs:_c_int00_noargs)
                  0000262c    0000001c                                   : copy_zero_init.c.obj (.text:decompress:ZI:__TI_zero_init_nomemset:__TI_zero_init_nomemset)
                  00002648    0000000e                                   : copy_decompress_none.c.obj (.text:decompress:none:__TI_decompress_none)
                  00002656    0000000e     startup_msp432p401r_ccs.obj (.text)
                  00002664    00000004     rtsv7M4_T_le_v4SPD16_eabi.lib : pre_init.c.obj (.text:_system_pre_init)
                  00002668    00000004                                   : exit.c.obj (.text:abort:abort)

.const     0    0000266c    000000d0     
                  0000266c    00000050     interrupt.obj (.const:g_pulRegs)
                  000026bc    00000024     main.obj (.const:uartConfig)
                  000026e0    00000020     interrupt.obj (.const:g_pulPriority)
                  00002700    0000001c     gpio.obj (.const:GPIO_PORT_TO_INT)
                  0000271c    00000008     interrupt.obj (.const:g_pulDisRegs)
                  00002724    00000008     interrupt.obj (.const:g_pulEnRegs)
                  0000272c    00000008     interrupt.obj (.const:g_pulPendRegs)
                  00002734    00000008     interrupt.obj (.const:g_pulUnpendRegs)

.cinit     0    00002740    00000068     
                  00002740    00000034     (.cinit..data.load) [load image, compression = lzss]
                  00002774    0000000c     (__TI_handler_table)
                  00002780    00000008     (.cinit..bss.load) [load image, compression = zero_init]
                  00002788    00000008     (.cinit..vtable.load) [load image, compression = zero_init]
                  00002790    00000018     (__TI_cinit_table)

.init_array 
*          0    00000000    00000000     UNINITIALIZED

.binit     0    00000000    00000000     

.vtable    0    20000000    000000e4     UNINITIALIZED
                  20000000    000000e4     interrupt.obj (.vtable)

.data      0    200000e4    00000038     UNINITIALIZED
                  200000e4    00000030     gpio.obj (.data:GPIO_PORT_TO_BASE)
                  20000114    00000004     main.obj (.data)
                  20000118    00000004     system_msp432p401r.obj (.data)

.bss       0    2000011c    00000009     UNINITIALIZED
                  2000011c    00000008     cs.obj (.bss)
                  20000124    00000001     (.common:state_m)

.stack     0    2000fe00    00000200     UNINITIALIZED
                  2000fe00    00000004     rtsv7M4_T_le_v4SPD16_eabi.lib : boot_cortex_m.c.obj (.stack)
                  2000fe04    000001fc     --HOLE--

__llvm_prf_cnts 
*          0    20000000    00000000     UNINITIALIZED

MODULE SUMMARY

       Module                        code   ro data   rw data
       ------                        ----   -------   -------
    .\
       main.obj                      820    36        10     
       system_msp432p401r.obj        820    0         8      
       startup_msp432p401r_ccs.obj   14     228       0      
    +--+-----------------------------+------+---------+---------+
       Total:                        1654   264       18     
                                                             
    .\MSP432P4xx\
       cs.obj                        3452   0         16     
       interrupt.obj                 1008   144       456    
       gpio.obj                      1152   28        96     
       uart.obj                      1052   0         0      
       sysctl.obj                    580    0         0      
       wdt_a.obj                     216    0         0      
       cpu.obj                       62     0         0      
    +--+-----------------------------+------+---------+---------+
       Total:                        7522   172       568    
                                                             
    C:\ti\ccs1011\ccs\tools\compiler\ti-cgt-arm_20.2.1.LTS\lib\rtsv7M4_T_le_v4SPD16_eabi.lib
       memcpy_t2.asm.obj             156    0         0      
       copy_decompress_lzss.c.obj    104    0         0      
       autoinit.c.obj                68     0         0      
       boot_cortex_m.c.obj           52     0         0      
       copy_zero_init.c.obj          28     0         0      
       copy_decompress_none.c.obj    14     0         0      
       exit.c.obj                    4      0         0      
       pre_init.c.obj                4      0         0      
    +--+-----------------------------+------+---------+---------+
       Total:                        430    0         0      
                                                             
       Stack:                        0      0         1024   
       Linker Generated:             0      104       0      
    +--+-----------------------------+------+---------+---------+
       Grand Total:                  9606   540       1610   


LINKER GENERATED COPY TABLES

__TI_cinit_table @ 00002790 records: 3, size/record: 8, table size: 24
	.data: load addr=00002740, load size=00000034 bytes, run addr=200000e4, run size=00000038 bytes, compression=lzss
	.bss: load addr=00002780, load size=00000008 bytes, run addr=2000011c, run size=00000009 bytes, compression=zero_init
	.vtable: load addr=00002788, load size=00000008 bytes, run addr=20000000, run size=000000e4 bytes, compression=zero_init


LINKER GENERATED HANDLER TABLE

__TI_handler_table @ 00002774 records: 3, size/record: 4, table size: 12
	index: 0, handler: __TI_zero_init
	index: 1, handler: __TI_decompress_lzss
	index: 2, handler: __TI_decompress_none


GLOBAL SYMBOLS: SORTED ALPHABETICALLY BY Name 

address   name                                       
-------   ----                                       
00002663  ADC14_IRQHandler                           
00002663  AES256_IRQHandler                          
00002663  BusFault_Handler                           
00002669  C$$EXIT                                    
00002663  COMP_E0_IRQHandler                         
00002663  COMP_E1_IRQHandler                         
000025ed  CPU_basepriGet                             
000025df  CPU_basepriSet                             
000025b9  CPU_cpsid                                  
000025cf  CPU_cpsie                                  
000025c5  CPU_primask                                
000025db  CPU_wfi                                    
00002663  CS_IRQHandler                              
00000de5  CS_clearInterruptFlag                      
0000068d  CS_disableClockRequest                     
00000773  CS_disableDCOExternalResistor              
00000cb9  CS_disableFaultCounter                     
00000da3  CS_disableInterrupt                        
00000665  CS_enableClockRequest                      
000006d5  CS_enableDCOExternalResistor               
00000c8d  CS_enableFaultCounter                      
00000d81  CS_enableInterrupt                         
00000c25  CS_getACLK                                 
00000be5  CS_getBCLK                                 
0000086d  CS_getDCOFrequency                         
00000dcb  CS_getEnabledInterruptStatus               
00000c01  CS_getHSMCLK                               
00000dc5  CS_getInterruptStatus                      
00000c6b  CS_getMCLK                                 
00000c49  CS_getSMCLK                                
00000385  CS_initClockSignal                         
00000e07  CS_registerInterrupt                       
00000ce5  CS_resetFaultCounter                       
00000791  CS_setDCOCenteredFrequency                 
000006fd  CS_setDCOExternalResistorCalibration       
00000a0d  CS_setDCOFrequency                         
00000349  CS_setExternalClockSourceFrequency         
000006af  CS_setReferenceOscillatorFrequency         
00000d31  CS_startFaultCounter                       
00000489  CS_startHFXT                               
000004ad  CS_startHFXTWithTimeout                    
00000571  CS_startLFXT                               
00000595  CS_startLFXTWithTimeout                    
000007c9  CS_tuneDCOFrequency                        
00000e1b  CS_unregisterInterrupt                     
00002663  DMA_ERR_IRQHandler                         
00002663  DMA_INT0_IRQHandler                        
00002663  DMA_INT1_IRQHandler                        
00002663  DMA_INT2_IRQHandler                        
00002663  DMA_INT3_IRQHandler                        
00002663  DebugMon_Handler                           
00002663  Default_Handler                            
00001cc5  EUSCIA0_IRQHandler                         
00001cc5  EUSCIA0_IRQHandler                         
00002663  EUSCIA1_IRQHandler                         
00002663  EUSCIA2_IRQHandler                         
00002663  EUSCIA3_IRQHandler                         
00002663  EUSCIB0_IRQHandler                         
00002663  EUSCIB1_IRQHandler                         
00002663  EUSCIB2_IRQHandler                         
00002663  EUSCIB3_IRQHandler                         
00002663  FLCTL_IRQHandler                           
00002663  FPU_IRQHandler                             
00001183  GPIO_clearInterruptFlag                    
00001143  GPIO_disableInterrupt                      
00001121  GPIO_enableInterrupt                       
000011db  GPIO_getEnabledInterruptStatus             
000010f3  GPIO_getInputPinValue                      
00001165  GPIO_getInterruptStatus                    
000011a5  GPIO_interruptEdgeSelect                   
0000129b  GPIO_registerInterrupt                     
00000e9b  GPIO_setAsInputPin                         
0000104f  GPIO_setAsInputPinWithPullDownResistor     
000010a1  GPIO_setAsInputPinWithPullUpResistor       
00000e61  GPIO_setAsOutputPin                        
00000f65  GPIO_setAsPeripheralModuleFunctionInputPin 
00000ee1  GPIO_setAsPeripheralModuleFunctionOutputPin
00001257  GPIO_setDriveStrengthHigh                  
00001279  GPIO_setDriveStrengthLow                   
00000fe9  GPIO_setOutputHighOnPin                    
0000100b  GPIO_setOutputLowOnPin                     
0000102d  GPIO_toggleOutputOnPin                     
000012bb  GPIO_unregisterInterrupt                   
00002663  HardFault_Handler                          
000018bf  Interrupt_disableInterrupt                 
0000170f  Interrupt_disableMaster                    
00001abd  Interrupt_disableSleepOnIsrExit            
0000184d  Interrupt_enableInterrupt                  
000016ff  Interrupt_enableMaster                     
00001aab  Interrupt_enableSleepOnIsrExit             
00001827  Interrupt_getPriority                      
0000179f  Interrupt_getPriorityGrouping              
00001a8b  Interrupt_getPriorityMask                  
00001aa5  Interrupt_getVectorTableAddress            
00001931  Interrupt_isEnabled                        
000019bd  Interrupt_pendInterrupt                    
0000171f  Interrupt_registerInterrupt                
000017d7  Interrupt_setPriority                      
00001785  Interrupt_setPriorityGrouping              
00001a7b  Interrupt_setPriorityMask                  
00001a95  Interrupt_setVectorTableAddress            
00001a2d  Interrupt_unpendInterrupt                  
00001771  Interrupt_unregisterInterrupt              
00002663  MemManage_Handler                          
00002663  NMI_Handler                                
00002663  PCM_IRQHandler                             
00001b85  PORT1_IRQHandler                           
00001b85  PORT1_IRQHandler                           
00002663  PORT2_IRQHandler                           
00002663  PORT3_IRQHandler                           
00002663  PORT4_IRQHandler                           
00002663  PORT5_IRQHandler                           
00002663  PORT6_IRQHandler                           
00002663  PSS_IRQHandler                             
00002663  PendSV_Handler                             
00002663  RTC_C_IRQHandler                           
00002657  Reset_Handler                              
00002663  SVC_Handler                                
00002347  SysCtl_disableGlitchFilter                 
000021d7  SysCtl_disableNMISource                    
000022df  SysCtl_disablePeripheralAtCPUHalt          
00002221  SysCtl_disableSRAMBank                     
000022a5  SysCtl_disableSRAMBankRetention            
0000233b  SysCtl_enableGlitchFilter                  
000021eb  SysCtl_enableNMISource                     
000022cb  SysCtl_enablePeripheralAtCPUHalt           
00002205  SysCtl_enableSRAMBank                      
00002289  SysCtl_enableSRAMBankRetention             
000021d1  SysCtl_getFlashSize                        
000021ff  SysCtl_getNMISourceStatus                  
000021cb  SysCtl_getSRAMSize                         
00002155  SysCtl_getTLVInfo                          
00002353  SysCtl_getTempCalibrationConstant          
000022c1  SysCtl_rebootDevice                        
00002317  SysCtl_setWDTPasswordViolationResetType    
000022f3  SysCtl_setWDTTimeoutResetType              
00002663  SysTick_Handler                            
20000118  SystemCoreClock                            
00001e21  SystemCoreClockUpdate                      
00002099  SystemInit                                 
00002663  T32_INT1_IRQHandler                        
00002663  T32_INT2_IRQHandler                        
00002663  T32_INTC_IRQHandler                        
00002663  TA0_0_IRQHandler                           
00002663  TA0_N_IRQHandler                           
00002663  TA1_0_IRQHandler                           
00002663  TA1_N_IRQHandler                           
00002663  TA2_0_IRQHandler                           
00002663  TA2_N_IRQHandler                           
00002663  TA3_0_IRQHandler                           
00002663  TA3_N_IRQHandler                           
000015f5  UART_clearInterruptFlag                    
0000154d  UART_disableInterrupt                      
0000142f  UART_disableModule                         
0000151d  UART_enableInterrupt                       
00001419  UART_enableModule                          
00001599  UART_getEnabledInterruptStatus             
0000157d  UART_getInterruptStatus                    
000014e5  UART_getReceiveBufferAddressForDMA         
000014f3  UART_getTransmitBufferAddressForDMA        
000012e1  UART_initModule                            
00001445  UART_queryStatusFlags                      
000013f3  UART_receiveData                           
00001615  UART_registerInterrupt                     
0000146d  UART_resetDormant                          
00001501  UART_selectDeglitchTime                    
00001459  UART_setDormant                            
00001481  UART_transmitAddress                       
0000149f  UART_transmitBreak                         
000013c9  UART_transmitData                          
00001691  UART_unregisterInterrupt                   
00002663  UsageFault_Handler                         
4000480c  WDTCTL_SYM                                 
00002663  WDT_A_IRQHandler                           
000023d9  WDT_A_clearTimer                           
00002399  WDT_A_holdTimer                            
00002415  WDT_A_initIntervalTimer                    
000023f9  WDT_A_initWatchdogTimer                    
00002449  WDT_A_registerInterrupt                    
00002431  WDT_A_setPasswordViolationReset            
0000243d  WDT_A_setTimeoutReset                      
000023b9  WDT_A_startTimer                           
0000245d  WDT_A_unregisterInterrupt                  
20010000  __STACK_END                                
00000200  __STACK_SIZE                               
00002790  __TI_CINIT_Base                            
000027a8  __TI_CINIT_Limit                           
00002774  __TI_Handler_Table_Base                    
00002780  __TI_Handler_Table_Limit                   
00002575  __TI_auto_init_nobinit_nopinit             
0000250d  __TI_decompress_lzss                       
00002649  __TI_decompress_none                       
ffffffff  __TI_pprof_out_hndl                        
ffffffff  __TI_prof_data_size                        
ffffffff  __TI_prof_data_start                       
00000000  __TI_static_base__                         
0000262d  __TI_zero_init_nomemset                    
00002471  __aeabi_memcpy                             
00002471  __aeabi_memcpy4                            
00002471  __aeabi_memcpy8                            
ffffffff  __binit__                                  
ffffffff  __c_args__                                 
UNDEFED   __mpu_init                                 
2000fe00  __stack                                    
20000000  __start___llvm_prf_cnts                    
20000000  __stop___llvm_prf_cnts                     
000025f9  _c_int00_noargs                            
UNDEFED   _system_post_cinit                         
00002665  _system_pre_init                           
00002669  abort                                      
ffffffff  binit                                      
20000116  but_1_char                                 
20000117  but_2_char                                 
20000000  g_pfnRAMVectors                            
00001d13  init_uart                                  
00000000  interruptVectors                           
00001aed  main                                       
00002471  memcpy                                     
20000114  s1_pressed                                 
20000115  s2_pressed                                 
20000124  state_m                                    
00001bb3  state_mach                                 
000026bc  uartConfig                                 
00001d6b  uart_print                                 
00001d4d  uart_write_c                               


GLOBAL SYMBOLS: SORTED BY Symbol Address 

address   name                                       
-------   ----                                       
00000000  __TI_static_base__                         
00000000  interruptVectors                           
00000200  __STACK_SIZE                               
00000349  CS_setExternalClockSourceFrequency         
00000385  CS_initClockSignal                         
00000489  CS_startHFXT                               
000004ad  CS_startHFXTWithTimeout                    
00000571  CS_startLFXT                               
00000595  CS_startLFXTWithTimeout                    
00000665  CS_enableClockRequest                      
0000068d  CS_disableClockRequest                     
000006af  CS_setReferenceOscillatorFrequency         
000006d5  CS_enableDCOExternalResistor               
000006fd  CS_setDCOExternalResistorCalibration       
00000773  CS_disableDCOExternalResistor              
00000791  CS_setDCOCenteredFrequency                 
000007c9  CS_tuneDCOFrequency                        
0000086d  CS_getDCOFrequency                         
00000a0d  CS_setDCOFrequency                         
00000be5  CS_getBCLK                                 
00000c01  CS_getHSMCLK                               
00000c25  CS_getACLK                                 
00000c49  CS_getSMCLK                                
00000c6b  CS_getMCLK                                 
00000c8d  CS_enableFaultCounter                      
00000cb9  CS_disableFaultCounter                     
00000ce5  CS_resetFaultCounter                       
00000d31  CS_startFaultCounter                       
00000d81  CS_enableInterrupt                         
00000da3  CS_disableInterrupt                        
00000dc5  CS_getInterruptStatus                      
00000dcb  CS_getEnabledInterruptStatus               
00000de5  CS_clearInterruptFlag                      
00000e07  CS_registerInterrupt                       
00000e1b  CS_unregisterInterrupt                     
00000e61  GPIO_setAsOutputPin                        
00000e9b  GPIO_setAsInputPin                         
00000ee1  GPIO_setAsPeripheralModuleFunctionOutputPin
00000f65  GPIO_setAsPeripheralModuleFunctionInputPin 
00000fe9  GPIO_setOutputHighOnPin                    
0000100b  GPIO_setOutputLowOnPin                     
0000102d  GPIO_toggleOutputOnPin                     
0000104f  GPIO_setAsInputPinWithPullDownResistor     
000010a1  GPIO_setAsInputPinWithPullUpResistor       
000010f3  GPIO_getInputPinValue                      
00001121  GPIO_enableInterrupt                       
00001143  GPIO_disableInterrupt                      
00001165  GPIO_getInterruptStatus                    
00001183  GPIO_clearInterruptFlag                    
000011a5  GPIO_interruptEdgeSelect                   
000011db  GPIO_getEnabledInterruptStatus             
00001257  GPIO_setDriveStrengthHigh                  
00001279  GPIO_setDriveStrengthLow                   
0000129b  GPIO_registerInterrupt                     
000012bb  GPIO_unregisterInterrupt                   
000012e1  UART_initModule                            
000013c9  UART_transmitData                          
000013f3  UART_receiveData                           
00001419  UART_enableModule                          
0000142f  UART_disableModule                         
00001445  UART_queryStatusFlags                      
00001459  UART_setDormant                            
0000146d  UART_resetDormant                          
00001481  UART_transmitAddress                       
0000149f  UART_transmitBreak                         
000014e5  UART_getReceiveBufferAddressForDMA         
000014f3  UART_getTransmitBufferAddressForDMA        
00001501  UART_selectDeglitchTime                    
0000151d  UART_enableInterrupt                       
0000154d  UART_disableInterrupt                      
0000157d  UART_getInterruptStatus                    
00001599  UART_getEnabledInterruptStatus             
000015f5  UART_clearInterruptFlag                    
00001615  UART_registerInterrupt                     
00001691  UART_unregisterInterrupt                   
000016ff  Interrupt_enableMaster                     
0000170f  Interrupt_disableMaster                    
0000171f  Interrupt_registerInterrupt                
00001771  Interrupt_unregisterInterrupt              
00001785  Interrupt_setPriorityGrouping              
0000179f  Interrupt_getPriorityGrouping              
000017d7  Interrupt_setPriority                      
00001827  Interrupt_getPriority                      
0000184d  Interrupt_enableInterrupt                  
000018bf  Interrupt_disableInterrupt                 
00001931  Interrupt_isEnabled                        
000019bd  Interrupt_pendInterrupt                    
00001a2d  Interrupt_unpendInterrupt                  
00001a7b  Interrupt_setPriorityMask                  
00001a8b  Interrupt_getPriorityMask                  
00001a95  Interrupt_setVectorTableAddress            
00001aa5  Interrupt_getVectorTableAddress            
00001aab  Interrupt_enableSleepOnIsrExit             
00001abd  Interrupt_disableSleepOnIsrExit            
00001aed  main                                       
00001b85  PORT1_IRQHandler                           
00001b85  PORT1_IRQHandler                           
00001bb3  state_mach                                 
00001cc5  EUSCIA0_IRQHandler                         
00001cc5  EUSCIA0_IRQHandler                         
00001d13  init_uart                                  
00001d4d  uart_write_c                               
00001d6b  uart_print                                 
00001e21  SystemCoreClockUpdate                      
00002099  SystemInit                                 
00002155  SysCtl_getTLVInfo                          
000021cb  SysCtl_getSRAMSize                         
000021d1  SysCtl_getFlashSize                        
000021d7  SysCtl_disableNMISource                    
000021eb  SysCtl_enableNMISource                     
000021ff  SysCtl_getNMISourceStatus                  
00002205  SysCtl_enableSRAMBank                      
00002221  SysCtl_disableSRAMBank                     
00002289  SysCtl_enableSRAMBankRetention             
000022a5  SysCtl_disableSRAMBankRetention            
000022c1  SysCtl_rebootDevice                        
000022cb  SysCtl_enablePeripheralAtCPUHalt           
000022df  SysCtl_disablePeripheralAtCPUHalt          
000022f3  SysCtl_setWDTTimeoutResetType              
00002317  SysCtl_setWDTPasswordViolationResetType    
0000233b  SysCtl_enableGlitchFilter                  
00002347  SysCtl_disableGlitchFilter                 
00002353  SysCtl_getTempCalibrationConstant          
00002399  WDT_A_holdTimer                            
000023b9  WDT_A_startTimer                           
000023d9  WDT_A_clearTimer                           
000023f9  WDT_A_initWatchdogTimer                    
00002415  WDT_A_initIntervalTimer                    
00002431  WDT_A_setPasswordViolationReset            
0000243d  WDT_A_setTimeoutReset                      
00002449  WDT_A_registerInterrupt                    
0000245d  WDT_A_unregisterInterrupt                  
00002471  __aeabi_memcpy                             
00002471  __aeabi_memcpy4                            
00002471  __aeabi_memcpy8                            
00002471  memcpy                                     
0000250d  __TI_decompress_lzss                       
00002575  __TI_auto_init_nobinit_nopinit             
000025b9  CPU_cpsid                                  
000025c5  CPU_primask                                
000025cf  CPU_cpsie                                  
000025db  CPU_wfi                                    
000025df  CPU_basepriSet                             
000025ed  CPU_basepriGet                             
000025f9  _c_int00_noargs                            
0000262d  __TI_zero_init_nomemset                    
00002649  __TI_decompress_none                       
00002657  Reset_Handler                              
00002663  ADC14_IRQHandler                           
00002663  AES256_IRQHandler                          
00002663  BusFault_Handler                           
00002663  COMP_E0_IRQHandler                         
00002663  COMP_E1_IRQHandler                         
00002663  CS_IRQHandler                              
00002663  DMA_ERR_IRQHandler                         
00002663  DMA_INT0_IRQHandler                        
00002663  DMA_INT1_IRQHandler                        
00002663  DMA_INT2_IRQHandler                        
00002663  DMA_INT3_IRQHandler                        
00002663  DebugMon_Handler                           
00002663  Default_Handler                            
00002663  EUSCIA1_IRQHandler                         
00002663  EUSCIA2_IRQHandler                         
00002663  EUSCIA3_IRQHandler                         
00002663  EUSCIB0_IRQHandler                         
00002663  EUSCIB1_IRQHandler                         
00002663  EUSCIB2_IRQHandler                         
00002663  EUSCIB3_IRQHandler                         
00002663  FLCTL_IRQHandler                           
00002663  FPU_IRQHandler                             
00002663  HardFault_Handler                          
00002663  MemManage_Handler                          
00002663  NMI_Handler                                
00002663  PCM_IRQHandler                             
00002663  PORT2_IRQHandler                           
00002663  PORT3_IRQHandler                           
00002663  PORT4_IRQHandler                           
00002663  PORT5_IRQHandler                           
00002663  PORT6_IRQHandler                           
00002663  PSS_IRQHandler                             
00002663  PendSV_Handler                             
00002663  RTC_C_IRQHandler                           
00002663  SVC_Handler                                
00002663  SysTick_Handler                            
00002663  T32_INT1_IRQHandler                        
00002663  T32_INT2_IRQHandler                        
00002663  T32_INTC_IRQHandler                        
00002663  TA0_0_IRQHandler                           
00002663  TA0_N_IRQHandler                           
00002663  TA1_0_IRQHandler                           
00002663  TA1_N_IRQHandler                           
00002663  TA2_0_IRQHandler                           
00002663  TA2_N_IRQHandler                           
00002663  TA3_0_IRQHandler                           
00002663  TA3_N_IRQHandler                           
00002663  UsageFault_Handler                         
00002663  WDT_A_IRQHandler                           
00002665  _system_pre_init                           
00002669  C$$EXIT                                    
00002669  abort                                      
000026bc  uartConfig                                 
00002774  __TI_Handler_Table_Base                    
00002780  __TI_Handler_Table_Limit                   
00002790  __TI_CINIT_Base                            
000027a8  __TI_CINIT_Limit                           
20000000  __start___llvm_prf_cnts                    
20000000  __stop___llvm_prf_cnts                     
20000000  g_pfnRAMVectors                            
20000114  s1_pressed                                 
20000115  s2_pressed                                 
20000116  but_1_char                                 
20000117  but_2_char                                 
20000118  SystemCoreClock                            
20000124  state_m                                    
2000fe00  __stack                                    
20010000  __STACK_END                                
4000480c  WDTCTL_SYM                                 
ffffffff  __TI_pprof_out_hndl                        
ffffffff  __TI_prof_data_size                        
ffffffff  __TI_prof_data_start                       
ffffffff  __binit__                                  
ffffffff  __c_args__                                 
ffffffff  binit                                      
UNDEFED   __mpu_init                                 
UNDEFED   _system_post_cinit                         

[225 symbols]
